
> ecomerce-aedii@0.0.0 test:performance
> vitest run performance


[7m[1m[36m RUN [39m[22m[27m [36mv1.6.1[39m [90mC:/Users/Alejj/Downloads/Ecomerce-AEDII[39m

